 .text          0x804deaf8      0x21c Source/Main_Game.asm.o
                0x804deaf8                Generate_Ghost
                0x804deafc                Weapon_Action
                0x804deb00                Main_Game_perform
                0x804dec84                Monochrome_Trap_Timer
                0x804dec88                Monochrome_Trap_Intensity
				0x804dec8c                perform_Monochrome_Trap
				0x804df8e0                gArea_2_Halls
                0x804df8ec                gArea_3_Halls
                0x804df920                gPortrait_Ghost_Locations
				0x804dfc68                gArea_2_Halls_On
                0x804dfc6c                gArea_3_Halls_On
				0x804dfca0                gGallery_Current_Closeup_Portrait
 .text          0x804ded14      0x100 Source/GuideMap.asm.o
                0x804ded14                GuideMap_set_Map_Room_Color
 .text          0x804dee14       0x14 Source/Event.asm.o
                0x804dee14                Event_perform_Archipelago_Tag
 .text          0x804dee28       0xbc Source/Furniture.asm.o
                0x804dee28                gFurniture_Generate_Lookup_Table
                0x804dee54                cFurniture_create_Diamond
                0x804dee68                cFurniture_create_Gold_Diamond
                0x804dee7c                Furniture_create_Gold_Bars
 .text          0x804deee4      0x128 Source/GC2D.asm.o
                0x804def04                Player_Health_Color_Full
                0x804def08                Player_Health_Color_80
                0x804def0c                Player_Health_Color_60
                0x804def10                Player_Health_Color_40
                0x804def14                Player_Health_Color_31
                0x804def18                GC2D_use_Player_Health_Main_Counter_Colors
                0x804def1c                GC2D_draw_Player_Health_Counter_Main
                0x804defa4                Custom_Boo_Counter_Bitfields
                0x804defac                GC2D_read_Boo_Counter_Bitfields
				0x804df938                escape_Codes
                0x804dfa7c                gItem_Information_Line_Sizes
				0x804dfc38                gGallery_Prompt_Release_Timer
                0x804dfc3c                gGallery_Prompt_Yes_Color
                0x804dfc40                gItem_Information_Timer
                0x804dfc44                gItem_Information
                0x804dfc70                gGallery_Is_Retry_Mode
				0x804dfc74                gGallery_Prompt
                0x804dfc78                gGallery_Prompt_Alpha
                0x804dfc7c                gGallery_Prompt_Choice
                0x804dfc80                gGallery_Prompt_Choice_Held
                0x804dfc84                gGallery_Prompt_Confirm_Held
                0x804dfc88                gGallery_Closeup_Dismiss_Timer
                0x804dfc8c                gItem_Information_Alpha
 .text          0x804df00c       0x58 Source/Tsuri.asm.o
                0x804df00c                Tsuri_set_Damage_Factor
				0x804dfc90                gTsuri_Speed
 .text          0x804df064      0x450 Source/Player.asm.o
                0x804df064                Player_Reaction
                0x804df068                Player_Weapon_Trap_Timer
                0x804df06c                Player_Weapon_Position
                0x804df078                Mirror_Warp_X
                0x804df07c                Mirror_Warp_Y
                0x804df080                Mirror_Warp_Z
                0x804df084                Player_perform
                0x804df360                Player_convert_Health_Cap_To_Float
                0x804df388                Player_set_Equipment_Animation
                0x804df3c4                Player_set_Music_Speed
                0x804df3d8                Player_set_Game_Boy_Only_Mode
                0x804df3f4                Player_set_Game_Boy_Only_Visibility
                0x804df414                Player_set_Boss_Ghost_Rank
                0x804df478                Play_King_Boo_Gem_Fast_Pickup
                0x804df47c                Player_play_King_Boo_Gem_Pickup_Sound
				0x804dfc98                gPlayer_Is_Game_Boy_Only
 .text          0x804df4b4       0x38 Source/EnGhostA.asm.o
                0x804df4b4                EnGhostA_get_Room_Light_Status
 .text          0x804df4ec      0x2d0 Source/EnBasicTsuri.asm.o
                0x804df4ec                gHealth_Gold_Rank_Threshold
                0x804df4f0                gHealth_Silver_Rank_Threshold
                0x804df4f4                EnBasicTsuri_init
                0x804df510                EnBasicTsuri_perform_Pearl_Drops
                0x804df684                EnBasicTsuri_set_Health_Based_Portrait_Ghost_Rank
 .text          0x804df7bc       0x4c Source/EnAppear.asm.o
                0x804df7bc                EnAppear_wait_To_Appear
 .text          0x804df808       0x98 Source/EnManager.asm.o
                0x804df808                EnManager_perform_Light_Check
                0x804df82c                EnManager_clear_Required_Fields
 .text          0x804df8a0       0x3c Source/SaEnBossTelesa.asm.o
                0x804df8a0                Boolossus_Mini_Boo_Difficulty
                0x804df8a4                SaEnBossTelesa_set_Mini_Boo_Difficulty

